
[1m[46m RUN [49m[22m [36mv4.0.18 [39m[90mC:/Users/BVG/Documents/GitHub/Nominations-management[39m

 [31mΓ¥»[39m tests/unit/app/actions/edge-cases.test.ts [2m([22m[2m0 test[22m[2m)[22m
 [31mΓ¥»[39m tests/unit/app/actions/feedback-security.test.ts [2m([22m[2m0 test[22m[2m)[22m
 [31mΓ¥»[39m tests/unit/lib/date-utils.test.ts [2m([22m[2m0 test[22m[2m)[22m
 [31mΓ¥»[39m tests/unit/app/actions/feedback.test.ts [2m([22m[2m0 test[22m[2m)[22m
 [31mΓ¥»[39m tests/unit/app/actions/manager-approval.test.ts [2m([22m[2m0 test[22m[2m)[22m
 [31mΓ¥»[39m tests/unit/app/actions/sessions.test.ts [2m([22m[2m0 test[22m[2m)[22m
 [31mΓ¥»[39m tests/unit/app/actions/tni.test.ts [2m([22m[2m0 test[22m[2m)[22m
node.exe : [90mstderr[2m | 
tests/stress_tests.test.ts
At line:1 char:1
+ & "C:\Program Files\nodejs/node.exe" 
"C:\Program Files\nodejs/node_mo ...
+ ~~~~~~~~~~~~~~~~~~~~~~~~~~~~~~~~~~~~~~~~~~~~~~~~
~~~~~~~~~~~~~~~~~~~~~
    + CategoryInfo          : NotSpecified: ([90 
   mstderr[2m...s_tests.test.ts:String) [], Rem  
  oteException
    + FullyQualifiedErrorId : NativeCommandError
 
[22m[39mCRITICAL ERROR: DATABASE_URL is 
missing. DB functionality will fail.

 [31mΓ¥»[39m tests/stress_tests.test.ts [2m([22m[2m0 test[22m[2m)[22m
 [31mΓ¥»[39m tests/unit/app/actions/vulnerability.test.ts [2m([22m[2m0 test[22m[2m)[22m

[31mΓÄ»ΓÄ»ΓÄ»ΓÄ»ΓÄ»ΓÄ»[39m[1m[41m Failed 
Suites 9 [49m[22m[31mΓÄ»ΓÄ»ΓÄ»ΓÄ»ΓÄ»ΓÄ»ΓÄ»[39m

[41m[1m FAIL [22m[49m 
tests/stress_tests.test.ts[2m [ 
tests/stress_tests.test.ts ][22m
[31m[1mPrismaClientInitializationError[22m: 
`PrismaClient` needs to be constructed with a 
non-empty, valid `PrismaClientOptions`:

```
new PrismaClient({
  ...
})
```

or

```
constructor() {
  super({ ... });
}
```
          [39m
[90m [2mΓ¥»[22m new t node_modules/@prisma/clie
nt/runtime/client.js:[2m70:960[22m[39m
[36m [2mΓ¥»[22m createPrismaClient 
lib/prisma.ts:[2m18:16[22m[39m
    [90m 16| [39m        // throw new 
Error("DATABASE_URL is missing from environment 
vΓÇª
    [90m 17| [39m        
console.error("CRITICAL ERROR: DATABASE_URL is 
missing. DB funΓÇª
    [90m 18| [39m        [35mreturn[39m 
[35mnew[39m [33mPrismaClient[39m()[33m;[39m 
[90m// Fallback to avoid crash on import[39m
    [90m   | [39m               [31m^[39m
    [90m 19| [39m    }
    [90m 20| [39m
[90m [2mΓ¥»[22m 
lib/prisma.ts:[2m10:5[22m[39m
[90m [2mΓ¥»[22m 
app/actions.ts:[2m3:1[22m[39m

[31m[2mΓÄ»ΓÄ»ΓÄ»ΓÄ»ΓÄ»ΓÄ»ΓÄ»ΓÄ»ΓÄ»ΓÄ»ΓÄ»ΓÄ»ΓÄ»ΓÄ
»ΓÄ»ΓÄ»ΓÄ»ΓÄ»ΓÄ»ΓÄ»ΓÄ»ΓÄ»ΓÄ»ΓÄ»[1/9]ΓÄ»[22m[39m

[41m[1m FAIL [22m[49m 
tests/unit/lib/date-utils.test.ts[2m [ 
tests/unit/lib/date-utils.test.ts ][22m
[31m[1mError[22m: Failed to resolve import 
"./date-utils" from 
"tests/unit/lib/date-utils.test.ts". Does the 
file exist?[39m
  Plugin: [35mvite:import-analysis[39m
  File: [36mC:/Users/BVG/Documents/GitHub/Nominat
ions-management/tests/unit/lib/date-utils.test.ts
[39m:2:41
[33m  1  |  import { describe, it, expect } from 
"vitest";
  2  |  import { getServerLocalDateString } from 
"./date-utils";
     |                                            
^
  3  |  describe("getServerLocalDateString", () 
=> {
  4  |    it("should return the correct date 
string for a given date", () => {[39m
[90m [2mΓ¥»[22m 
TransformPluginContext._formatLog node_modules/vit
e/dist/node/chunks/config.js:[2m28999:43[22m[39
m
[90m [2mΓ¥»[22m TransformPluginContext.error no
de_modules/vite/dist/node/chunks/config.js:[2m289
96:14[22m[39m
[90m [2mΓ¥»[22m normalizeUrl node_modules/vite/
dist/node/chunks/config.js:[2m27119:18[22m[39m
[90m [2mΓ¥»[22m node_modules/vite/dist/node/chu
nks/config.js:[2m27177:32[22m[39m
[90m [2mΓ¥»[22m 
TransformPluginContext.transform node_modules/vite
/dist/node/chunks/config.js:[2m27145:4[22m[39m
[90m [2mΓ¥»[22m 
EnvironmentPluginContainer.transform node_modules/
vite/dist/node/chunks/config.js:[2m28797:14[22m
[39m
[90m [2mΓ¥»[22m loadAndTransform node_modules/v
ite/dist/node/chunks/config.js:[2m22670:26[22m[
39m

[31m[2mΓÄ»ΓÄ»ΓÄ»ΓÄ»ΓÄ»ΓÄ»ΓÄ»ΓÄ»ΓÄ»ΓÄ»ΓÄ»ΓÄ»ΓÄ»ΓÄ
»ΓÄ»ΓÄ»ΓÄ»ΓÄ»ΓÄ»ΓÄ»ΓÄ»ΓÄ»ΓÄ»ΓÄ»[2/9]ΓÄ»[22m[39m

[41m[1m FAIL [22m[49m 
tests/unit/app/actions/edge-cases.test.ts[2m [ 
tests/unit/app/actions/edge-cases.test.ts ][22m
[31m[1mError[22m: Failed to resolve import 
"./tni" from 
"tests/unit/app/actions/edge-cases.test.ts". Does 
the file exist?[39m
  Plugin: [35mvite:import-analysis[39m
  File: [36mC:/Users/BVG/Documents/GitHub/Nominat
ions-management/tests/unit/app/actions/edge-cases.
test.ts[39m:2:0
[33m  16 |    redirect: vi.fn()
  17 |  }));
  18 |  const __vi_import_0__ = await 
import("./tni");
     |                                       ^
  19 |  const __vi_import_1__ = await 
import("@/lib/prisma");
  20 |  const __vi_import_2__ = await 
import("@/lib/email");[39m
[90m [2mΓ¥»[22m 
TransformPluginContext._formatLog node_modules/vit
e/dist/node/chunks/config.js:[2m28999:43[22m[39
m
[90m [2mΓ¥»[22m TransformPluginContext.error no
de_modules/vite/dist/node/chunks/config.js:[2m289
96:14[22m[39m
[90m [2mΓ¥»[22m normalizeUrl node_modules/vite/
dist/node/chunks/config.js:[2m27119:18[22m[39m
[90m [2mΓ¥»[22m node_modules/vite/dist/node/chu
nks/config.js:[2m27177:32[22m[39m
[90m [2mΓ¥»[22m 
TransformPluginContext.transform node_modules/vite
/dist/node/chunks/config.js:[2m27145:4[22m[39m
[90m [2mΓ¥»[22m 
EnvironmentPluginContainer.transform node_modules/
vite/dist/node/chunks/config.js:[2m28797:14[22m
[39m
[90m [2mΓ¥»[22m loadAndTransform node_modules/v
ite/dist/node/chunks/config.js:[2m22670:26[22m[
39m

[31m[2mΓÄ»ΓÄ»ΓÄ»ΓÄ»ΓÄ»ΓÄ»ΓÄ»ΓÄ»ΓÄ»ΓÄ»ΓÄ»ΓÄ»ΓÄ»ΓÄ
»ΓÄ»ΓÄ»ΓÄ»ΓÄ»ΓÄ»ΓÄ»ΓÄ»ΓÄ»ΓÄ»ΓÄ»[3/9]ΓÄ»[22m[39m

[41m[1m FAIL [22m[49m tests/unit/app/actions/f
eedback-security.test.ts[2m [ 
tests/unit/app/actions/feedback-security.test.ts 
][22m
[31m[1mError[22m: Failed to resolve import 
"../actions" from "tests/unit/app/actions/feedback
-security.test.ts". Does the file exist?[39m
  Plugin: [35mvite:import-analysis[39m
  File: [36mC:/Users/BVG/Documents/GitHub/Nominat
ions-management/tests/unit/app/actions/feedback-se
curity.test.ts[39m:2:0
[33m  15 |    revalidatePath: vi.fn()
  16 |  }));
  17 |  const __vi_import_0__ = await 
import("../actions");
     |                                       ^
  18 |  const __vi_import_1__ = await 
import("@/lib/prisma");
  19 |  const __vi_import_2__ = await 
import("@/lib/security");[39m
[90m [2mΓ¥»[22m 
TransformPluginContext._formatLog node_modules/vit
e/dist/node/chunks/config.js:[2m28999:43[22m[39
m
[90m [2mΓ¥»[22m TransformPluginContext.error no
de_modules/vite/dist/node/chunks/config.js:[2m289
96:14[22m[39m
[90m [2mΓ¥»[22m normalizeUrl node_modules/vite/
dist/node/chunks/config.js:[2m27119:18[22m[39m
[90m [2mΓ¥»[22m node_modules/vite/dist/node/chu
nks/config.js:[2m27177:32[22m[39m
[90m [2mΓ¥»[22m 
TransformPluginContext.transform node_modules/vite
/dist/node/chunks/config.js:[2m27145:4[22m[39m
[90m [2mΓ¥»[22m 
EnvironmentPluginContainer.transform node_modules/
vite/dist/node/chunks/config.js:[2m28797:14[22m
[39m
[90m [2mΓ¥»[22m loadAndTransform node_modules/v
ite/dist/node/chunks/config.js:[2m22670:26[22m[
39m

[31m[2mΓÄ»ΓÄ»ΓÄ»ΓÄ»ΓÄ»ΓÄ»ΓÄ»ΓÄ»ΓÄ»ΓÄ»ΓÄ»ΓÄ»ΓÄ»ΓÄ
»ΓÄ»ΓÄ»ΓÄ»ΓÄ»ΓÄ»ΓÄ»ΓÄ»ΓÄ»ΓÄ»ΓÄ»[4/9]ΓÄ»[22m[39m

[41m[1m FAIL [22m[49m 
tests/unit/app/actions/feedback.test.ts[2m [ 
tests/unit/app/actions/feedback.test.ts ][22m
[31m[1mError[22m: Failed to resolve import 
"./feedback" from 
"tests/unit/app/actions/feedback.test.ts". Does 
the file exist?[39m
  Plugin: [35mvite:import-analysis[39m
  File: [36mC:/Users/BVG/Documents/GitHub/Nominat
ions-management/tests/unit/app/actions/feedback.te
st.ts[39m:2:0
[33m  6  |    }
  7  |  }));
  8  |  const __vi_import_0__ = await 
import("./feedback");
     |                                       ^
  9  |  const __vi_import_1__ = await 
import("@/lib/prisma");
  10 |  import { describe, it, expect, vi, 
beforeEach } from "vitest";[39m
[90m [2mΓ¥»[22m 
TransformPluginContext._formatLog node_modules/vit
e/dist/node/chunks/config.js:[2m28999:43[22m[39
m
[90m [2mΓ¥»[22m TransformPluginContext.error no
de_modules/vite/dist/node/chunks/config.js:[2m289
96:14[22m[39m
[90m [2mΓ¥»[22m normalizeUrl node_modules/vite/
dist/node/chunks/config.js:[2m27119:18[22m[39m
[90m [2mΓ¥»[22m node_modules/vite/dist/node/chu
nks/config.js:[2m27177:32[22m[39m
[90m [2mΓ¥»[22m 
TransformPluginContext.transform node_modules/vite
/dist/node/chunks/config.js:[2m27145:4[22m[39m
[90m [2mΓ¥»[22m 
EnvironmentPluginContainer.transform node_modules/
vite/dist/node/chunks/config.js:[2m28797:14[22m
[39m
[90m [2mΓ¥»[22m loadAndTransform node_modules/v
ite/dist/node/chunks/config.js:[2m22670:26[22m[
39m

[31m[2mΓÄ»ΓÄ»ΓÄ»ΓÄ»ΓÄ»ΓÄ»ΓÄ»ΓÄ»ΓÄ»ΓÄ»ΓÄ»ΓÄ»ΓÄ»ΓÄ
»ΓÄ»ΓÄ»ΓÄ»ΓÄ»ΓÄ»ΓÄ»ΓÄ»ΓÄ»ΓÄ»ΓÄ»[5/9]ΓÄ»[22m[39m

[41m[1m FAIL [22m[49m tests/unit/app/actions/m
anager-approval.test.ts[2m [ 
tests/unit/app/actions/manager-approval.test.ts 
][22m
[31m[1mError[22m: Failed to resolve import 
"./manager-approval" from "tests/unit/app/actions/
manager-approval.test.ts". Does the file 
exist?[39m
  Plugin: [35mvite:import-analysis[39m
  File: [36mC:/Users/BVG/Documents/GitHub/Nominat
ions-management/tests/unit/app/actions/manager-app
roval.test.ts[39m:2:0
[33m  11 |    revalidateTag: vi.fn()
  12 |  }));
  13 |  const __vi_import_0__ = await 
import("./manager-approval");
     |                                       ^
  14 |  const __vi_import_1__ = await 
import("@/lib/prisma");
  15 |  const __vi_import_2__ = await 
import("next/cache");[39m
[90m [2mΓ¥»[22m 
TransformPluginContext._formatLog node_modules/vit
e/dist/node/chunks/config.js:[2m28999:43[22m[39
m
[90m [2mΓ¥»[22m TransformPluginContext.error no
de_modules/vite/dist/node/chunks/config.js:[2m289
96:14[22m[39m
[90m [2mΓ¥»[22m normalizeUrl node_modules/vite/
dist/node/chunks/config.js:[2m27119:18[22m[39m
[90m [2mΓ¥»[22m node_modules/vite/dist/node/chu
nks/config.js:[2m27177:32[22m[39m
[90m [2mΓ¥»[22m 
TransformPluginContext.transform node_modules/vite
/dist/node/chunks/config.js:[2m27145:4[22m[39m
[90m [2mΓ¥»[22m 
EnvironmentPluginContainer.transform node_modules/
vite/dist/node/chunks/config.js:[2m28797:14[22m
[39m
[90m [2mΓ¥»[22m loadAndTransform node_modules/v
ite/dist/node/chunks/config.js:[2m22670:26[22m[
39m

[31m[2mΓÄ»ΓÄ»ΓÄ»ΓÄ»ΓÄ»ΓÄ»ΓÄ»ΓÄ»ΓÄ»ΓÄ»ΓÄ»ΓÄ»ΓÄ»ΓÄ
»ΓÄ»ΓÄ»ΓÄ»ΓÄ»ΓÄ»ΓÄ»ΓÄ»ΓÄ»ΓÄ»ΓÄ»[6/9]ΓÄ»[22m[39m

[41m[1m FAIL [22m[49m 
tests/unit/app/actions/sessions.test.ts[2m [ 
tests/unit/app/actions/sessions.test.ts ][22m
[31m[1mError[22m: Failed to resolve import 
"./sessions" from 
"tests/unit/app/actions/sessions.test.ts". Does 
the file exist?[39m

[2m Test Files [22m [1m[31m9 failed[39m[22m[90m (9)[39m
[2m      Tests [22m [2mno tests[22m
[2m   Start at [22m 10:35:51
[2m   Duration [22m 5.11s[2m (transform 151ms, setup 0ms, import 0ms, tests 0ms, environment 24.75s)[22m

  Plugin: [35mvite:import-analysis[39m
  File: [36mC:/Users/BVG/Documents/GitHub/Nominat
ions-management/tests/unit/app/actions/sessions.te
st.ts[39m:2:0
[33m  37 |    // Pass through for cache wrappers
  38 |  }));
  39 |  const __vi_import_0__ = await 
import("./sessions");
     |                                       ^
  40 |  const __vi_import_1__ = await 
import("@/lib/prisma");
  41 |  const __vi_import_2__ = await 
import("@/lib/email");[39m
[90m [2mΓ¥»[22m 
TransformPluginContext._formatLog node_modules/vit
e/dist/node/chunks/config.js:[2m28999:43[22m[39
m
[90m [2mΓ¥»[22m TransformPluginContext.error no
de_modules/vite/dist/node/chunks/config.js:[2m289
96:14[22m[39m
[90m [2mΓ¥»[22m normalizeUrl node_modules/vite/
dist/node/chunks/config.js:[2m27119:18[22m[39m
[90m [2mΓ¥»[22m node_modules/vite/dist/node/chu
nks/config.js:[2m27177:32[22m[39m
[90m [2mΓ¥»[22m 
TransformPluginContext.transform node_modules/vite
/dist/node/chunks/config.js:[2m27145:4[22m[39m
[90m [2mΓ¥»[22m 
EnvironmentPluginContainer.transform node_modules/
vite/dist/node/chunks/config.js:[2m28797:14[22m
[39m
[90m [2mΓ¥»[22m loadAndTransform node_modules/v
ite/dist/node/chunks/config.js:[2m22670:26[22m[
39m

[31m[2mΓÄ»ΓÄ»ΓÄ»ΓÄ»ΓÄ»ΓÄ»ΓÄ»ΓÄ»ΓÄ»ΓÄ»ΓÄ»ΓÄ»ΓÄ»ΓÄ
»ΓÄ»ΓÄ»ΓÄ»ΓÄ»ΓÄ»ΓÄ»ΓÄ»ΓÄ»ΓÄ»ΓÄ»[7/9]ΓÄ»[22m[39m

[41m[1m FAIL [22m[49m 
tests/unit/app/actions/tni.test.ts[2m [ 
tests/unit/app/actions/tni.test.ts ][22m
[31m[1mError[22m: Failed to resolve import 
"./tni" from 
"tests/unit/app/actions/tni.test.ts". Does the 
file exist?[39m
  Plugin: [35mvite:import-analysis[39m
  File: [36mC:/Users/BVG/Documents/GitHub/Nominat
ions-management/tests/unit/app/actions/tni.test.ts
[39m:2:0
[33m  17 |    unstable_cache: (fn) => fn
  18 |  }));
  19 |  const __vi_import_0__ = await 
import("./tni");
     |                                       ^
  20 |  const __vi_import_1__ = await 
import("@/lib/prisma");
  21 |  const __vi_import_2__ = await 
import("@/lib/email");[39m
[90m [2mΓ¥»[22m 
TransformPluginContext._formatLog node_modules/vit
e/dist/node/chunks/config.js:[2m28999:43[22m[39
m
[90m [2mΓ¥»[22m TransformPluginContext.error no
de_modules/vite/dist/node/chunks/config.js:[2m289
96:14[22m[39m
[90m [2mΓ¥»[22m normalizeUrl node_modules/vite/
dist/node/chunks/config.js:[2m27119:18[22m[39m
[90m [2mΓ¥»[22m node_modules/vite/dist/node/chu
nks/config.js:[2m27177:32[22m[39m
[90m [2mΓ¥»[22m 
TransformPluginContext.transform node_modules/vite
/dist/node/chunks/config.js:[2m27145:4[22m[39m
[90m [2mΓ¥»[22m 
EnvironmentPluginContainer.transform node_modules/
vite/dist/node/chunks/config.js:[2m28797:14[22m
[39m
[90m [2mΓ¥»[22m loadAndTransform node_modules/v
ite/dist/node/chunks/config.js:[2m22670:26[22m[
39m

[31m[2mΓÄ»ΓÄ»ΓÄ»ΓÄ»ΓÄ»ΓÄ»ΓÄ»ΓÄ»ΓÄ»ΓÄ»ΓÄ»ΓÄ»ΓÄ»ΓÄ
»ΓÄ»ΓÄ»ΓÄ»ΓÄ»ΓÄ»ΓÄ»ΓÄ»ΓÄ»ΓÄ»ΓÄ»[8/9]ΓÄ»[22m[39m

[41m[1m FAIL [22m[49m 
tests/unit/app/actions/vulnerability.test.ts[2m 
[ tests/unit/app/actions/vulnerability.test.ts 
][22m
[31m[1mError[22m: Failed to resolve import 
"./sessions" from 
"tests/unit/app/actions/vulnerability.test.ts". 
Does the file exist?[39m
  Plugin: [35mvite:import-analysis[39m
  File: [36mC:/Users/BVG/Documents/GitHub/Nominat
ions-management/tests/unit/app/actions/vulnerabili
ty.test.ts[39m:2:0
[33m  22 |    unstable_cache: (fn) => fn
  23 |  }));
  24 |  const __vi_import_0__ = await 
import("./sessions");
     |                                       ^
  25 |  const __vi_import_1__ = await 
import("@/lib/prisma");
  26 |  import { describe, it, expect, vi, 
beforeEach } from "vitest";[39m
[90m [2mΓ¥»[22m 
TransformPluginContext._formatLog node_modules/vit
e/dist/node/chunks/config.js:[2m28999:43[22m[39
m
[90m [2mΓ¥»[22m TransformPluginContext.error no
de_modules/vite/dist/node/chunks/config.js:[2m289
96:14[22m[39m
[90m [2mΓ¥»[22m normalizeUrl node_modules/vite/
dist/node/chunks/config.js:[2m27119:18[22m[39m
[90m [2mΓ¥»[22m node_modules/vite/dist/node/chu
nks/config.js:[2m27177:32[22m[39m
[90m [2mΓ¥»[22m 
TransformPluginContext.transform node_modules/vite
/dist/node/chunks/config.js:[2m27145:4[22m[39m
[90m [2mΓ¥»[22m 
EnvironmentPluginContainer.transform node_modules/
vite/dist/node/chunks/config.js:[2m28797:14[22m
[39m
[90m [2mΓ¥»[22m loadAndTransform node_modules/v
ite/dist/node/chunks/config.js:[2m22670:26[22m[
39m

[31m[2mΓÄ»ΓÄ»ΓÄ»ΓÄ»ΓÄ»ΓÄ»ΓÄ»ΓÄ»ΓÄ»ΓÄ»ΓÄ»ΓÄ»ΓÄ»ΓÄ
»ΓÄ»ΓÄ»ΓÄ»ΓÄ»ΓÄ»ΓÄ»ΓÄ»ΓÄ»ΓÄ»ΓÄ»[9/9]ΓÄ»[22m[39m

